  menu.cpp
  C:\Program Files (x86)\Microsoft DirectX SDK (June 2010)\include\dinput.h: DIRECTINPUT_VERSION undefined. Defaulting to version 0x0800
  pauseMenu.cpp
  C:\Program Files (x86)\Microsoft DirectX SDK (June 2010)\include\dinput.h: DIRECTINPUT_VERSION undefined. Defaulting to version 0x0800
  Generating Code...
pauseMenu.obj : error LNK2005: "void __cdecl CleanUpDirectInput(void)" (?CleanUpDirectInput@@YAXXZ) already defined in menu.obj
pauseMenu.obj : error LNK2005: "void __cdecl CleanUpDirectX(void)" (?CleanUpDirectX@@YAXXZ) already defined in menu.obj
pauseMenu.obj : error LNK2005: "void __cdecl CleanUpSprite(void)" (?CleanUpSprite@@YAXXZ) already defined in menu.obj
pauseMenu.obj : error LNK2005: "void __cdecl CleanUpWindow(void)" (?CleanUpWindow@@YAXXZ) already defined in menu.obj
pauseMenu.obj : error LNK2005: "void __cdecl CreateDirectInput(void)" (?CreateDirectInput@@YAXXZ) already defined in menu.obj
pauseMenu.obj : error LNK2005: "bool __cdecl CreateDirectX(void)" (?CreateDirectX@@YA_NXZ) already defined in menu.obj
pauseMenu.obj : error LNK2005: "void __cdecl CreateMyWindow(void)" (?CreateMyWindow@@YAXXZ) already defined in menu.obj
pauseMenu.obj : error LNK2005: "void __cdecl GetInput(void)" (?GetInput@@YAXXZ) already defined in menu.obj
pauseMenu.obj : error LNK2005: "void __cdecl InitializeGame(void)" (?InitializeGame@@YAXXZ) already defined in menu.obj
pauseMenu.obj : error LNK2005: "void __cdecl Render(void)" (?Render@@YAXXZ) already defined in menu.obj
pauseMenu.obj : error LNK2005: "void __cdecl Update(void)" (?Update@@YAXXZ) already defined in menu.obj
pauseMenu.obj : error LNK2005: "bool __cdecl WindowIsRunning(void)" (?WindowIsRunning@@YA_NXZ) already defined in menu.obj
pauseMenu.obj : error LNK2005: "long __stdcall WindowProcedure(struct HWND__ *,unsigned int,unsigned int,long)" (?WindowProcedure@@YGJPAUHWND__@@IIJ@Z) already defined in menu.obj
pauseMenu.obj : error LNK2005: _main already defined in menu.obj
pauseMenu.obj : error LNK2005: "struct HWND__ * g_hWnd" (?g_hWnd@@3PAUHWND__@@A) already defined in menu.obj
pauseMenu.obj : error LNK2005: "struct tagWNDCLASSA wndClass" (?wndClass@@3UtagWNDCLASSA@@A) already defined in menu.obj
pauseMenu.obj : error LNK2005: "struct IDirect3DDevice9 * d3dDevice" (?d3dDevice@@3PAUIDirect3DDevice9@@A) already defined in menu.obj
pauseMenu.obj : error LNK2005: "struct _D3DPRESENT_PARAMETERS_ d3dPP" (?d3dPP@@3U_D3DPRESENT_PARAMETERS_@@A) already defined in menu.obj
pauseMenu.obj : error LNK2005: "struct ID3DXFont * gameFont" (?gameFont@@3PAUID3DXFont@@A) already defined in menu.obj
pauseMenu.obj : error LNK2005: "struct ID3DXFont * bigFont" (?bigFont@@3PAUID3DXFont@@A) already defined in menu.obj
pauseMenu.obj : error LNK2005: "struct tagMSG msg" (?msg@@3UtagMSG@@A) already defined in menu.obj
pauseMenu.obj : error LNK2005: "struct tagRECT button1Rect" (?button1Rect@@3UtagRECT@@A) already defined in menu.obj
pauseMenu.obj : error LNK2005: "struct tagRECT button2Rect" (?button2Rect@@3UtagRECT@@A) already defined in menu.obj
pauseMenu.obj : error LNK2005: "struct tagRECT button3Rect" (?button3Rect@@3UtagRECT@@A) already defined in menu.obj
pauseMenu.obj : error LNK2005: "int mouseX" (?mouseX@@3HA) already defined in menu.obj
pauseMenu.obj : error LNK2005: "int mouseY" (?mouseY@@3HA) already defined in menu.obj
pauseMenu.obj : error LNK2005: "long hr" (?hr@@3JA) already defined in menu.obj
pauseMenu.obj : error LNK2005: "struct ID3DXSprite * spriteBrush" (?spriteBrush@@3PAUID3DXSprite@@A) already defined in menu.obj
pauseMenu.obj : error LNK2005: "struct IDirect3DTexture9 * menu" (?menu@@3PAUIDirect3DTexture9@@A) already defined in menu.obj
pauseMenu.obj : error LNK2005: "float menuWidth" (?menuWidth@@3MA) already defined in menu.obj
pauseMenu.obj : error LNK2005: "float menuHeight" (?menuHeight@@3MA) already defined in menu.obj
pauseMenu.obj : error LNK2005: "struct IDirect3DTexture9 * button1" (?button1@@3PAUIDirect3DTexture9@@A) already defined in menu.obj
pauseMenu.obj : error LNK2005: "float targetWidth" (?targetWidth@@3MA) already defined in menu.obj
pauseMenu.obj : error LNK2005: "float targetHeight" (?targetHeight@@3MA) already defined in menu.obj
pauseMenu.obj : error LNK2005: "int gameFPS" (?gameFPS@@3HA) already defined in menu.obj
pauseMenu.obj : error LNK2005: "struct IDirectInput8A * dInput" (?dInput@@3PAUIDirectInput8A@@A) already defined in menu.obj
pauseMenu.obj : error LNK2005: "struct IDirectInputDevice8A * dInputKeyboardDevice" (?dInputKeyboardDevice@@3PAUIDirectInputDevice8A@@A) already defined in menu.obj
pauseMenu.obj : error LNK2005: "unsigned char * diKeys" (?diKeys@@3PAEA) already defined in menu.obj
C:\Users\User\source\repos\Assignment\Debug\Assignment.exe : fatal error LNK1169: one or more multiply defined symbols found
